Microsoft (R) Macro Assembler (x64) Version 14.41.34123.0   02/14/25 15:39:06
debug_check.asm						     Page 1 - 1


				;ml64 /c /Fl debug_check.asm

				; Check if debugger is present by reading the PEB flag directly
				; Compatible with x64 architecture

 00000000			.code

 00000000			IsDebuggerPresentASM PROC
 00000000  48/ 33 C0		    xor rax, rax                  ; Clear RAX to ensure higher bits are zero
 00000003  65: 48/ 8B 0C 25	    mov rcx, gs:[60h]             ; Get PEB base address from GS:[0x60]
	   00000060
 0000000C  8A 41 02		    mov al, byte ptr [rcx+2]      ; Read BeingDebugged flag (offset 0x2)
 0000000F  C3			    ret
 00000010			IsDebuggerPresentASM ENDP


 00000010			DetectHardwareBreakpointsASM PROC
 00000010  53			    push rbx                        ; Save registers to avoid corrupting them

 00000011  0F 21 C0		    mov rax, dr0
 00000014  0F 21 CB		    mov rbx, dr1
 00000017  0F 21 D1		    mov rcx, dr2
 0000001A  0F 21 DA		    mov rdx, dr3

 0000001D  48/ 0B C3		    or rax, rbx                     
 00000020  48/ 0B C1		    or rax, rcx                     
 00000023  48/ 0B C2		    or rax, rdx

 00000026  0F 95 C0		    setnz al                        ; If reg set, AL = 1, else AL = 0
 00000029  48/ 0F B6 C0		    movzx rax, al                   ; Zero-extend AL to RAX

 0000002D  5B			    pop rbx                         
 0000002E			DetectHardwareBreakpointsASM ENDP

 0000002E			OverwriteDebugPort PROC
 0000002E  65: 48/ 8B 04 25	    mov     rax, gs:[60h]               ; Get PEB base address
	   00000060
 00000037  48/ C7 C1		    mov     rcx, 0                      ; Move 0 into RCX (temporary register)
	   00000000
 0000003E  48/ 89 48 20		    mov     [rax + 20h], rcx            ; Clear DebugPort by writing 0
 00000042  C3			    ret                                 ; Return from procedure
 00000043			OverwriteDebugPort ENDP

 00000043			CrashOnDebuggerAttach PROC
 00000043  65: 48/ 8B 04 25	    mov rax, gs:[60h]          ; Get PEB base address
	   00000060
 0000004C  48/ B9		    mov rcx, 0FFFFFFFFFFFFFFFFh ; Load -1 into RCX
	   FFFFFFFFFFFFFFFF
 00000056  48/ 89 48 18		    mov [rax + 18h], rcx       ; Move RCX (-1) into DebugObjectHandle
 0000005A  C3			    ret
 0000005B			CrashOnDebuggerAttach ENDP

				END

				; Just storing some code which acts like garbage
				GarbageCodeLabel:
				    db  0xCC, 0x90, 0x90, 0xCC          ; INT 3, NOP, NOP, INT 3
				    db  0x9C                            ; PUSHFD (push EFLAGS register)
				    db  0xB8, 0x01, 0x00, 0x00, 0x00    ; MOV EAX, 1
				    db  0xB8, 0x02, 0x00, 0x00, 0x00    ; MOV EAX, 2
				    db  0x8B, 0xD                       ; MOV EDX, EAX
				    db  0x83, 0xC2, 0x01                ; ADD EDX, 1
				    db  0x83, 0xEA, 0x01                ; SUB EDX, 1
				    db  0x9D                            ; POPFQ (pop RFLAGS register)
				    db  0x48, 0x89, 0xE5                ; MOV RBP, RSP (set up stack frame)
				    db  0x48, 0x8B, 0x45, 0xF8          ; MOV RAX, [RBP-8] (load RDI)
				    db  0x48, 0x8B, 0x4D, 0xF0          ; MOV RCX, [RBP-16] (load RSI)
				    db  0x48, 0x01, 0xC8                ; ADD RAX, RCX (add RDI and RSI)
				    db  0x48, 0x89, 0x45, 0xF8          ; MOV [RBP-8], RAX (store result)
				    db  0x48, 0x8B, 0x45, 0xF8          ; MOV RAX, [RBP-8] (load result)
				    db  0x48, 0x83, 0xC4, 0x10          ; ADD RSP, 16 (deallocate stack space)
				    db  0x5D                            ; POP RBP (restore RBP)
				    db  0xCC                            ; INT 3 (breakpoint)
				    db  0x90                            ; NOP (no operation)
				    db  0xEB, 0xFE                      ; JMP short -2 (infinite loop)
				    db  0xC3                             ; RET (return from function)
				    db  0x48, 0x83, 0xEC, 0x10          ; SUB RSP, 16 (allocate stack space)
				    db  0x48, 0x89, 0x7D, 0xF8          ; MOV [RBP-8], RDI (save RDI)
				    db  0x48, 0x89, 0x75, 0xF0          ; MOV [RBP-16], RSI (save RSI)
				    db  0x48, 0x8B, 0x45, 0xF8          ; MOV RAX, [RBP-8] (load RDI)
				    db  0x48, 0x8B, 0x4D, 0xF0          ; MOV RCX, [RBP-16] (load RSI)
				    db  0x48, 0x01, 0xC8                ; ADD RAX, RCX (add RDI and RSI)
				    db  0x48, 0x89, 0x45, 0xF8          ; MOV [RBP-8], RAX (store result)
				    db  0x48, 0x8B, 0x45, 0xF8          ; MOV RAX, [RBP-8] (load result)
				    db  0x48, 0x83, 0xC4, 0x10          ; ADD RSP, 16 (deallocate stack space)
				    db  0x5D                            ; POP RBP (restore RBP)
				    db  0xCC                            ; INT 3 (breakpoint)
				    db  0x90                            ; NOP (no operation)
				    db  0xEB, 0xFE                      ; JMP short -2 (infinite loop)
				    db  0xC3                            ; RET (return from function)
				    db  0x9C                            ; PUSHFD (push EFLAGS register)
				    db  0xB8, 0x03, 0x00, 0x00, 0x00    ; MOV EAX, 3
				    db  0xBB, 0x04, 0x00, 0x00, 0x00    ; MOV EBX, 4
				    db  0x01, 0xD8                      ; ADD EAX, EBX
				    db  0x83, 0xC0, 0x01                ; ADD EAX, 1
				    db  0x83, 0xE8, 0x01                ; SUB EAX, 1
				    db  0x9D                            ; POPFD (pop EFLAGS register)
				    db  0xEB, 0xFE                      ; JMP short -2 (infinite loop)
				    db  0xC3                            ; RET (return from function)
				END
Microsoft (R) Macro Assembler (x64) Version 14.41.34123.0   02/14/25 15:39:06
debug_check.asm						     Symbols 2 - 1




Procedures, parameters, and locals:

                N a m e                 Type     Value    Attr

CrashOnDebuggerAttach  . . . . .	P 	 00000043 _TEXT	Length= 00000018 Public
DetectHardwareBreakpointsASM . .	P 	 00000010 _TEXT	Length= 0000001E Public
IsDebuggerPresentASM . . . . . .	P 	 00000000 _TEXT	Length= 00000010 Public
OverwriteDebugPort . . . . . . .	P 	 0000002E _TEXT	Length= 00000015 Public

	   0 Warnings
	   0 Errors
